This is the header


Still the header

This is the body
$nosub
$$escaped
A multi-
line strings
$${none}s
This is the footer

#nosub
##escaped
